{"class": "go.GraphLinksModel", "nodeDataArray": 
[{"category": "Task", "text": "t", "fill": "#ffffff", "stroke": "#000000", "strokeWidth": 1, "key": -1, "refs": [], "ctsx": [], "comment": null},
 {"category": "Task", "text": "t1", "fill": "#ffffff", "stroke": "#000000", "strokeWidth": 1, "key": -2, "refs": [], "ctsx": [], "comment": "null"},
 {"category": "Task", "text": "t4", "fill": "#ffffff", "stroke": "#000000", "strokeWidth": 1, "key": -5, "refs": [], "ctsx": [], "comment": "null"},
 {"category": "Task", "text": "t6", "fill": "#ffffff", "stroke": "#000000", "strokeWidth": 1, "key": -7, "refs": [], "ctsx": [], "comment": "null"},
 {"category": "Task", "text": "t7", "fill": "#ffffff", "stroke": "#000000", "strokeWidth": 1, "key": -8, "refs": [], "ctsx": [], "comment": "null"},
 {"category": "Task", "text": "t8", "fill": "#ffffff", "stroke": "#000000", "strokeWidth": 1, "key": -9, "refs": [], "ctsx": [], "comment": "null"},
 {"category": "Task", "text": "t9", "fill": "#ffffff", "stroke": "#000000", "strokeWidth": 1, "key": -10, "refs": [], "ctsx": [], "comment": "null"},
 {"category": "Task", "text": "t11", "fill": "#ffffff", "stroke": "#000000", "strokeWidth": 1, "key": -12, "refs": [], "ctsx": [], "comment": "null"},
 {"category": "Quality", "text": "q1", "fill": "#ffffff", "stroke": "#000000", "strokeWidth": 1, "key": -14, "refs": [], "ctsx": [], "comment": "null"},
 {"category": "Quality", "text": "q2", "fill": "#ffffff", "stroke": "#000000", "strokeWidth": 1, "key": -15, "refs": [], "ctsx": [], "comment": "null"},
 {"category": "Quality", "text": "q8", "fill": "#ffffff", "stroke": "#000000", "strokeWidth": 1, "key": -21, "refs": [], "ctsx": [], "comment": "null"}
],
"linkDataArray": [ 
 {"category": "ConsistsOf", "text": "consists of", "routing": {"yb": "Normal", "oE": 1}, "from": -1, "to": -2, "refs": [], "ctsx": [], "comment": "null"},
 {"category": "ConsistsOf", "text": "consists of", "routing": {"yb": "Normal", "oE": 1}, "from": -1, "to": -10, "refs": [], "ctsx": [], "comment": "null"},
 {"category": "ConsistsOf", "text": "consists of", "routing": {"yb": "Normal", "oE": 1}, "from": -1, "to": -5, "refs": [], "ctsx": [], "comment": "null"},
 {"category": "Association", "text": "consists of", "routing": {"yb": "Normal", "oE": 1}, "from": -14, "to": -1, "refs": [], "ctsx": [], "comment": "null"},
 {"category": "AchievedBy", "text": "consists of", "routing": {"yb": "Normal", "oE": 1}, "from": -5, "to": -9, "refs": [], "ctsx": [], "comment": "null"},
 {"category": "AchievedBy", "text": "consists of", "routing": {"yb": "Normal", "oE": 1}, "from": -5, "to": -8, "refs": [], "ctsx": [], "comment": "null"},
 {"category": "Contribution", "text": "+", "routing": {"yb": "Normal", "oE": 1}, "from": -8, "to": -15, "refs": [], "ctsx": [], "comment": "null"},
 {"category": "Contribution", "text": "-", "routing": {"yb": "Normal", "oE": 1}, "from": -8, "to": -14, "refs": [], "ctsx": [], "comment": "null"},
 {"category": "Contribution", "text": "-", "routing": {"yb": "Normal", "oE": 1}, "from": -15, "to": -14, "refs": [], "ctsx": [], "comment": "null"},
 {"category": "Association", "text": "association", "routing": {"yb": "Normal", "oE": 1}, "from": -15, "to": -2, "refs": [], "ctsx": [], "comment": "null"},
 {"category": "AchievedBy", "text": "AchievedBy", "routing": {"yb": "Normal", "oE": 1}, "from": -2, "to": -5, "refs": [], "ctsx": [], "comment": "null"},
 {"category": "Association", "text": "Association", "routing": {"yb": "Normal", "oE": 1}, "from": -21, "to": -1, "refs": [], "ctsx": [], "comment": "null"},
 {"category": "Contribution", "text": "++", "routing": {"yb": "Normal", "oE": 1}, "from": -12, "to": -21, "refs": [], "ctsx": [], "comment": "null"},
 {"category": "ConsistsOf", "text": "++", "routing": {"yb": "Normal", "oE": 1}, "from": -10, "to": -12, "refs": [], "ctsx": [], "comment": "null"},
 {"category": "Contribution", "text": "-", "routing": {"yb": "Normal", "oE": 1}, "from": -2, "to": -14, "refs": [], "ctsx": [], "comment": "null"},
  {"category": "AchievedBy", "text": "AchievedBy", "routing": {"yb": "Normal", "oE": 1}, "from": -2, "to": -7, "refs": [], "ctsx": [], "comment": "null"}
]}